     VMA      LMA     Size Align Out     In      Symbol
       0        0       94     2 .vec
       0        0       94     2         ./src/smc_gen/r_bsp/mcu/all/start.o:(.text)
       0        0        0     1                 
       0        0        0     1                 .Ltmp0
       0        0        0     1                 
       0        0       94     1                 _PowerON_Reset
       4        4        0     1                 
       8        8        0     1                 .Lpcrel_hi0
       8        8        0     1                 
      10       10        0     1                 
      12       12        0     1                 
      16       16        0     1                 
      1a       1a        0     1                 .Lpcrel_hi1
      1a       1a        0     1                 
      22       22        0     1                 .Lpcrel_hi2
      22       22        0     1                 
      2a       2a        0     1                 
      2c       2c        0     1                 
      2e       2e        0     1                 
      32       32        0     1                 .Lpcrel_hi3
      32       32        0     1                 
      3a       3a        0     1                 .Lpcrel_hi4
      3a       3a        0     1                 
      42       42        0     1                 .Lpcrel_hi5
      42       42        0     1                 
      4a       4a        0     1                 
      4e       4e        0     1                 .Lpcrel_hi6
      4e       4e        0     1                 
      56       56        0     1                 .Lpcrel_hi7
      56       56        0     1                 
      5e       5e        0     1                 .Lpcrel_hi8
      5e       5e        0     1                 
      66       66        0     1                 
      6a       6a        0     1                 
      6e       6e        0     1                 .Lpcrel_hi9
      6e       6e        0     1                 
      76       76        0     1                 
      78       78        0     1                 .Lpcrel_hi10
      78       78        0     1                 
      80       80        0     1                 
      82       82        0     1                 .Lweak_atexit
      82       82        0     1                 
      86       86        0     1                 
      88       88        0     1                 
      8a       8a        0     1                 
      8c       8c        0     1                 
      90       90        0     1                 
      94       94        0     1                 
      c0       c0       cc     4 .vects
      c0       c0       cc     4         ./src/smc_gen/general/r_cg_vect_table.o:(.vects)
      c0       c0       cc     1                 gp_Vectors
     1c0      1c0        4     4 .nvect
     1c0      1c0        4     4         ./src/smc_gen/general/r_cg_vect_table.o:(.nvect)
     1c0      1c0        4     1                 gp_ExceptVectors
     400      400        4     4 .option_ofs0
     400      400        4     4         ./src/smc_gen/r_bsp/mcu/r9a02g021/mcu_option_settings.o:(.option_ofs0)
     400      400        4     1                 __OFS0reg
     404      404        4     4 .option_ofs1
     404      404        4     4         ./src/smc_gen/r_bsp/mcu/r9a02g021/mcu_option_settings.o:(.option_ofs1)
     404      404        4     1                 __OFS1reg
     408      408       34     4 .option_frp
     408      408       34     4         ./src/smc_gen/r_bsp/mcu/r9a02g021/mcu_option_settings.o:(.option_frp)
     408      408       34     1                 Option_FPR
     800      800       10     4 .option_osis
     800      800       10     4         ./src/smc_gen/r_bsp/mcu/r9a02g021/mcu_option_settings.o:(.option_osis)
     800      800       10     1                 Option_OSIS
     810      810        0     1 __mdata = .
     e00      e00     6376   256 .text
     e00      e00        0     2         ./src/smc_gen/r_pincfg/Pin.o:(.text)
     e00      e00        0     2         ./src/smc_gen/r_bsp/mcu/r9a02g021/mcu_clocks.o:(.text)
     e00      e00        0     2         ./src/smc_gen/r_bsp/mcu/r9a02g021/mcu_mapped_interrupts.o:(.text)
     e00      e00        0     2         ./src/smc_gen/r_bsp/mcu/r9a02g021/mcu_option_settings.o:(.text)
     e00      e00       12     2         ./src/smc_gen/r_bsp/mcu/all/exit.o:(.text)
     e00      e00        0     1                 
     e00      e00        0     1                 
     e00      e00        0     1                 _exit
     e04      e04        0     1                 
     e06      e06        0     1                 
     e0a      e0a        0     1                 
     e0c      e0c        0     1                 
     e0e      e0e        0     1                 
     e12      e12        0     1                 
     e12      e12       3c     2         ./src/smc_gen/r_bsp/mcu/all/machine_timer_aux.o:(.text)
     e12      e12        0     1                 
     e12      e12        0     1                 
     e12      e12        0     1                 reset_mtimer
     e14      e14        0     1                 
     e18      e18        0     1                 
     e1c      e1c        0     1                 
     e20      e20        0     1                 
     e24      e24        0     1                 
     e28      e28        0     1                 
     e2a      e2a        0     1                 
     e2a      e2a        0     1                 
     e2a      e2a        0     1                 set_mtimer_cmp
     e2c      e2c        0     1                 
     e32      e32        0     1                 
     e36      e36        0     1                 
     e3a      e3a        0     1                 
     e3e      e3e        0     1                 
     e40      e40        0     1                 
     e40      e40        0     1                 
     e40      e40        0     1                 get_mtimer
     e44      e44        0     1                 
     e48      e48        0     1                 
     e4c      e4c        0     1                 
     e4e      e4e        0     1                 
     e4e      e4e        0     2         ./src/smc_gen/r_bsp/mcu/all/r_bsp_common.o:(.text)
     e4e      e4e        6     2         ./src/smc_gen/r_bsp/mcu/all/r_bsp_common_llvm.o:(.text)
     e4e      e4e        0     1                 
     e4e      e4e        0     1                 loop
     e4e      e4e        0     1                 
     e4e      e4e        0     1                 
     e4e      e4e        0     1                 _delay_wait
     e50      e50        0     1                 
     e52      e52        0     1                 _exit
     e52      e52        0     1                 
     e52      e52        0     1                 
     e54      e54        0     1                 
     e54      e54        0     2         ./src/smc_gen/r_bsp/mcu/all/r_bsp_machine_timer.o:(.text)
     e54      e54        0     2         ./src/smc_gen/r_bsp/board/generic_r9a02g021/hdwinit.o:(.text)
     e54      e54        0     2         ./src/smc_gen/r_bsp/board/generic_r9a02g021/r_bsp_init.o:(.text)
     e54      e54        0     2         ./src/smc_gen/general/r_cg_ad_common.o:(.text)
     e54      e54        0     2         ./src/smc_gen/general/r_cg_inthandler.o:(.text)
     e54      e54        0     2         ./src/smc_gen/general/r_cg_systeminit.o:(.text)
     e54      e54        0     2         ./src/smc_gen/general/r_cg_vect_table.o:(.text)
     e54      e54        0     2         ./src/smc_gen/general/r_smc_cgc.o:(.text)
     e54      e54        0     2         ./src/smc_gen/general/r_smc_cgc_user.o:(.text)
     e54      e54        0     2         ./src/smc_gen/general/r_smc_interrupt.o:(.text)
     e54      e54        0     2         ./src/smc_gen/Config_PORT/Config_PORT.o:(.text)
     e54      e54        0     2         ./src/smc_gen/Config_PORT/Config_PORT_user.o:(.text)
     e54      e54        0     2         ./src/smc_gen/Config_ICU/Config_ICU.o:(.text)
     e54      e54        0     2         ./src/smc_gen/Config_ICU/Config_ICU_user.o:(.text)
     e54      e54        0     2         ./src/smc_gen/Config_ADC/Config_ADC.o:(.text)
     e54      e54        0     2         ./src/smc_gen/Config_ADC/Config_ADC_user.o:(.text)
     e54      e54        0     2         ./src/Source/Portable/MemMang/heap_1.o:(.text)
     e54      e54        0     2         ./src/Source/Portable/LLVM/port.o:(.text)
     e54      e54       c2     2         ./src/Source/Portable/LLVM/portASM.o:(.text)
     e54      e54        0     1                 
     e54      e54        0     1                 
     e54      e54        0     1                 pxPortInitialiseStack
     e58      e58        0     1                 
     e5c      e5c        0     1                 
     e60      e60        0     1                 
     e62      e62        0     1                 
     e66      e66        0     1                 
     e68      e68        0     1                 
     e6c      e6c        0     1                 
     e6e      e6e        0     1                 
     e72      e72        0     1                 
     e76      e76        0     1                 
     e78      e78        0     1                 
     e7a      e7a        0     1                 .Lpcrel_hi0
     e7a      e7a        0     1                 
     e82      e82        0     1                 
     e86      e86        0     1                 
     e88      e88        0     1                 chip_specific_stack_frame
     e88      e88        0     1                 
     e88      e88        0     1                 
     e8c      e8c        0     1                 
     e8e      e8e        0     1                 
     e92      e92        0     1                 
     e94      e94        0     1                 
     e96      e96        0     1                 .Ltmp0
     e96      e96        0     1                 
     e98      e98        0     1                 
     e9a      e9a        0     1                 
     e9c      e9c        0     1                 
     e9c      e9c        0     1                 .Lpcrel_hi1
     e9c      e9c        0     1                 
     e9c      e9c        0     1                 xPortStartFirstTask
     ea4      ea4        0     1                 
     ea6      ea6        0     1                 
     ea8      ea8        0     1                 
     eaa      eaa        0     1                 
     eac      eac        0     1                 
     eae      eae        0     1                 
     eb0      eb0        0     1                 
     eb2      eb2        0     1                 
     eb4      eb4        0     1                 
     eb6      eb6        0     1                 
     eb8      eb8        0     1                 
     eba      eba        0     1                 
     ebc      ebc        0     1                 
     ebe      ebe        0     1                 
     ec0      ec0        0     1                 
     ec2      ec2        0     1                 
     ec4      ec4        0     1                 
     ec6      ec6        0     1                 
     ec8      ec8        0     1                 
     eca      eca        0     1                 
     ecc      ecc        0     1                 
     ece      ece        0     1                 
     ed0      ed0        0     1                 
     ed2      ed2        0     1                 
     ed4      ed4        0     1                 
     ed6      ed6        0     1                 
     ed8      ed8        0     1                 
     eda      eda        0     1                 
     edc      edc        0     1                 .Lpcrel_hi2
     edc      edc        0     1                 
     ee4      ee4        0     1                 
     ee8      ee8        0     1                 
     eea      eea        0     1                 
     eec      eec        0     1                 
     ef0      ef0        0     1                 
     ef2      ef2        0     1                 
     ef4      ef4        0     1                 
     ef8      ef8        0     1                 
     efa      efa        0     1                 
     efa      efa        0     1                 
     efe      efe        0     1                 
     f02      f02        0     1                 
     f06      f06        0     1                 
     f06      f06        0     1                 
     f08      f08        0     1                 
     f08      f08        0     1                 
     f0c      f0c        0     1                 
     f10      f10        0     1                 
     f14      f14        0     1                 
     f14      f14        0     1                 
     f16      f16        0     1                 
     f16      f16        0     2         ./src/Source/list.o:(.text)
     f16      f16        0     2         ./src/Source/queue.o:(.text)
     f16      f16        0     2         ./src/Source/tasks.o:(.text)
     f16      f16        0     2         ./src/Demo/blink/main.o:(.text)
     f16      f16        0     2         ./src/Demo/Common/common.o:(.text)
     f80      f80       80   128         ./src/Demo/Common/vector.o:(.text)
     f80      f80        0     1                 
     f80      f80        0     1                 IRQ_0
     f80      f80        0     1                 
     f80      f80        0     1                 
     f80      f80        0     1                 freertos_vector_table
     f84      f84        0     1                 IRQ_1
     f84      f84        0     1                 
     f84      f84        0     1                 
     f88      f88        0     1                 IRQ_2
     f88      f88        0     1                 
     f88      f88        0     1                 
     f8c      f8c        0     1                 IRQ_3
     f8c      f8c        0     1                 
     f8c      f8c        0     1                 
     f90      f90        0     1                 IRQ_4
     f90      f90        0     1                 
     f90      f90        0     1                 
     f94      f94        0     1                 IRQ_5
     f94      f94        0     1                 
     f94      f94        0     1                 
     f98      f98        0     1                 IRQ_6
     f98      f98        0     1                 
     f98      f98        0     1                 
     f9c      f9c        0     1                 IRQ_7
     f9c      f9c        0     1                 
     f9c      f9c        0     1                 
     fa0      fa0        0     1                 IRQ_8
     fa0      fa0        0     1                 
     fa0      fa0        0     1                 
     fa4      fa4        0     1                 IRQ_9
     fa4      fa4        0     1                 
     fa4      fa4        0     1                 
     fa8      fa8        0     1                 IRQ_10
     fa8      fa8        0     1                 
     fa8      fa8        0     1                 
     fac      fac        0     1                 IRQ_11
     fac      fac        0     1                 
     fac      fac        0     1                 
     fb0      fb0        0     1                 IRQ_12
     fb0      fb0        0     1                 
     fb0      fb0        0     1                 
     fb4      fb4        0     1                 IRQ_13
     fb4      fb4        0     1                 
     fb4      fb4        0     1                 
     fb8      fb8        0     1                 IRQ_14
     fb8      fb8        0     1                 
     fb8      fb8        0     1                 
     fbc      fbc        0     1                 IRQ_15
     fbc      fbc        0     1                 
     fbc      fbc        0     1                 
     fc0      fc0        0     1                 IRQ_LC0
     fc0      fc0        0     1                 
     fc0      fc0        0     1                 
     fc4      fc4        0     1                 IRQ_LC1
     fc4      fc4        0     1                 
     fc4      fc4        0     1                 
     fc8      fc8        0     1                 IRQ_LC2
     fc8      fc8        0     1                 
     fc8      fc8        0     1                 
     fcc      fcc        0     1                 IRQ_LC3
     fcc      fcc        0     1                 
     fcc      fcc        0     1                 
     fd0      fd0        0     1                 IRQ_LC4
     fd0      fd0        0     1                 
     fd0      fd0        0     1                 
     fd4      fd4        0     1                 IRQ_LC5
     fd4      fd4        0     1                 
     fd4      fd4        0     1                 
     fd8      fd8        0     1                 IRQ_LC6
     fd8      fd8        0     1                 
     fd8      fd8        0     1                 
     fdc      fdc        0     1                 IRQ_LC7
     fdc      fdc        0     1                 
     fdc      fdc        0     1                 
     fe0      fe0        0     1                 IRQ_LC8
     fe0      fe0        0     1                 
     fe0      fe0        0     1                 
     fe4      fe4        0     1                 IRQ_LC9
     fe4      fe4        0     1                 
     fe4      fe4        0     1                 
     fe8      fe8        0     1                 IRQ_LC10
     fe8      fe8        0     1                 
     fe8      fe8        0     1                 
     fec      fec        0     1                 IRQ_LC11
     fec      fec        0     1                 
     fec      fec        0     1                 
     ff0      ff0        0     1                 IRQ_LC12
     ff0      ff0        0     1                 
     ff0      ff0        0     1                 
     ff4      ff4        0     1                 IRQ_LC13
     ff4      ff4        0     1                 
     ff4      ff4        0     1                 
     ff8      ff8        0     1                 IRQ_LC14
     ff8      ff8        0     1                 
     ff8      ff8        0     1                 
     ffc      ffc        0     1                 IRQ_LC15
     ffc      ffc        0     1                 
     ffc      ffc        0     1                 
    1000     1000        0     1                 
    1000     1000        0     2         C:\ProgramData\LLVM for Renesas RISC-V 17.0.2.202407\bin\..\lib\clang-runtimes\riscv32-unknown-elf/rv32imaczba_zbb_zbs/ilp32\lib\libc.a(libc_a-memcpy.o):(.text)
    1000     1000        0     2         C:\ProgramData\LLVM for Renesas RISC-V 17.0.2.202407\bin\..\lib\clang-runtimes\riscv32-unknown-elf/rv32imaczba_zbb_zbs/ilp32\lib\libc.a(libc_a-strlen.o):(.text)
    1000     1000       a8     2         C:\ProgramData\LLVM for Renesas RISC-V 17.0.2.202407\bin\..\lib\clang-runtimes\riscv32-unknown-elf/rv32imaczba_zbb_zbs/ilp32\lib\libc.a(libc_a-memset.o):(.text)
    1000     1000       a8     1                 memset
    100e     100e        0     1                 .Laligned
    1010     1010        0     1                 .Lwordified
    1018     1018        0     1                 .Ltmp0
    102a     102a        0     1                 .Ltiny
    1030     1030        0     1                 .Ltmp1
    1036     1036        0     1                 .Ltable_misaligned
    103a     103a        0     1                 .Ltable
    1078     1078        0     1                 .Lwordify
    108a     108a        0     1                 .Lmisaligned
    108e     108e        0     1                 .Ltmp2
    10a8     10a8        0     2         C:\ProgramData\LLVM for Renesas RISC-V 17.0.2.202407\bin\..\lib\clang-runtimes\riscv32-unknown-elf/rv32imaczba_zbb_zbs/ilp32\lib\libc.a(libc_a-init.o):(.text)
    10a8     10a8        0     2         C:\ProgramData\LLVM for Renesas RISC-V 17.0.2.202407\bin\..\lib\clang-runtimes\riscv32-unknown-elf/rv32imaczba_zbb_zbs/ilp32\lib\libc.a(libc_a-exit.o):(.text)
    10a8     10a8        0     2         C:\ProgramData\LLVM for Renesas RISC-V 17.0.2.202407\bin\..\lib\clang-runtimes\riscv32-unknown-elf/rv32imaczba_zbb_zbs/ilp32\lib\libc.a(libc_a-__call_atexit.o):(.text)
    10a8     10a8        0     2         C:\ProgramData\LLVM for Renesas RISC-V 17.0.2.202407\bin\..\lib\clang-runtimes\riscv32-unknown-elf/rv32imaczba_zbb_zbs/ilp32\lib\libc.a(libc_a-findfp.o):(.text)
    10a8     10a8        0     2         C:\ProgramData\LLVM for Renesas RISC-V 17.0.2.202407\bin\..\lib\clang-runtimes\riscv32-unknown-elf/rv32imaczba_zbb_zbs/ilp32\lib\libc.a(libc_a-mallocr.o):(.text)
    10a8     10a8        0     2         C:\ProgramData\LLVM for Renesas RISC-V 17.0.2.202407\bin\..\lib\clang-runtimes\riscv32-unknown-elf/rv32imaczba_zbb_zbs/ilp32\lib\libc.a(libc_a-mlock.o):(.text)
    10a8     10a8        0     2         C:\ProgramData\LLVM for Renesas RISC-V 17.0.2.202407\bin\..\lib\clang-runtimes\riscv32-unknown-elf/rv32imaczba_zbb_zbs/ilp32\lib\libc.a(libc_a-sbrkr.o):(.text)
    10a8     10a8        0     2         C:\ProgramData\LLVM for Renesas RISC-V 17.0.2.202407\bin\..\lib\clang-runtimes\riscv32-unknown-elf/rv32imaczba_zbb_zbs/ilp32\lib\libnosys.a(errno.o):(.text)
    10a8     10a8        0     2         C:\ProgramData\LLVM for Renesas RISC-V 17.0.2.202407\bin\..\lib\clang-runtimes\riscv32-unknown-elf/rv32imaczba_zbb_zbs/ilp32\lib\libnosys.a(sbrk.o):(.text)
    10a8     10a8        0     2         C:\ProgramData\LLVM for Renesas RISC-V 17.0.2.202407\bin\..\lib\clang-runtimes\riscv32-unknown-elf/rv32imaczba_zbb_zbs/ilp32\lib\libc.a(libc_a-freer.o):(.text)
    10a8     10a8        0     2         C:\ProgramData\LLVM for Renesas RISC-V 17.0.2.202407\bin\..\lib\clang-runtimes\riscv32-unknown-elf/rv32imaczba_zbb_zbs/ilp32\lib\libc.a(libc_a-stdio.o):(.text)
    10a8     10a8        0     2         C:\ProgramData\LLVM for Renesas RISC-V 17.0.2.202407\bin\..\lib\clang-runtimes\riscv32-unknown-elf/rv32imaczba_zbb_zbs/ilp32\lib\libc.a(libc_a-readr.o):(.text)
    10a8     10a8        0     2         C:\ProgramData\LLVM for Renesas RISC-V 17.0.2.202407\bin\..\lib\clang-runtimes\riscv32-unknown-elf/rv32imaczba_zbb_zbs/ilp32\lib\libnosys.a(read.o):(.text)
    10a8     10a8        0     2         C:\ProgramData\LLVM for Renesas RISC-V 17.0.2.202407\bin\..\lib\clang-runtimes\riscv32-unknown-elf/rv32imaczba_zbb_zbs/ilp32\lib\libc.a(libc_a-writer.o):(.text)
    10a8     10a8        0     2         C:\ProgramData\LLVM for Renesas RISC-V 17.0.2.202407\bin\..\lib\clang-runtimes\riscv32-unknown-elf/rv32imaczba_zbb_zbs/ilp32\lib\libnosys.a(write.o):(.text)
    10a8     10a8        0     2         C:\ProgramData\LLVM for Renesas RISC-V 17.0.2.202407\bin\..\lib\clang-runtimes\riscv32-unknown-elf/rv32imaczba_zbb_zbs/ilp32\lib\libc.a(libc_a-closer.o):(.text)
    10a8     10a8        0     2         C:\ProgramData\LLVM for Renesas RISC-V 17.0.2.202407\bin\..\lib\clang-runtimes\riscv32-unknown-elf/rv32imaczba_zbb_zbs/ilp32\lib\libnosys.a(close.o):(.text)
    10a8     10a8        0     2         C:\ProgramData\LLVM for Renesas RISC-V 17.0.2.202407\bin\..\lib\clang-runtimes\riscv32-unknown-elf/rv32imaczba_zbb_zbs/ilp32\lib\libc.a(libc_a-fclose.o):(.text)
    10a8     10a8        0     2         C:\ProgramData\LLVM for Renesas RISC-V 17.0.2.202407\bin\..\lib\clang-runtimes\riscv32-unknown-elf/rv32imaczba_zbb_zbs/ilp32\lib\libc.a(libc_a-fflush.o):(.text)
    10a8     10a8        0     2         C:\ProgramData\LLVM for Renesas RISC-V 17.0.2.202407\bin\..\lib\clang-runtimes\riscv32-unknown-elf/rv32imaczba_zbb_zbs/ilp32\lib\libc.a(libc_a-fwalk.o):(.text)
    10a8     10a8        0     2         C:\ProgramData\LLVM for Renesas RISC-V 17.0.2.202407\bin\..\lib\clang-runtimes\riscv32-unknown-elf/rv32imaczba_zbb_zbs/ilp32\lib\libc.a(libc_a-impure.o):(.text)
    10a8     10a8        0     2         C:\ProgramData\LLVM for Renesas RISC-V 17.0.2.202407\bin\..\lib\clang-runtimes\riscv32-unknown-elf/rv32imaczba_zbb_zbs/ilp32\lib\libc.a(libc_a-lseekr.o):(.text)
    10a8     10a8        0     2         C:\ProgramData\LLVM for Renesas RISC-V 17.0.2.202407\bin\..\lib\clang-runtimes\riscv32-unknown-elf/rv32imaczba_zbb_zbs/ilp32\lib\libnosys.a(lseek.o):(.text)
    10a8     10a8        0     2         C:\ProgramData\LLVM for Renesas RISC-V 17.0.2.202407\bin\..\lib\clang-runtimes\riscv32-unknown-elf/rv32imaczba_zbb_zbs/ilp32\lib\libclang_rt.builtins-riscv32.a(udivdi3.c.o):(.text)
    10a8     10a8       48     2         ./src/smc_gen/r_pincfg/Pin.o:(.text.R_Pins_Create)
    10a8     10a8        0     1                 
    10a8     10a8        0     1                 
    10a8     10a8        0     1                 
    10a8     10a8       48     1                 R_Pins_Create
    10ac     10ac        0     1                 
    10b8     10b8        0     1                 
    10c2     10c2        0     1                 
    10cc     10cc        0     1                 
    10d8     10d8        0     1                 
    10e4     10e4        0     1                 
    10ee     10ee        0     1                 
    10f0     10f0        0     1                 
    10f0     10f0      140     2         ./src/smc_gen/r_bsp/mcu/r9a02g021/mcu_clocks.o:(.text.mcu_clock_setup)
    10f0     10f0        0     1                 
    10f0     10f0        0     1                 
    10f0     10f0        0     1                 
    10f0     10f0      140     1                 mcu_clock_setup
    1104     1104        0     1                 
    1104     1104        0     1                 
    1108     1108        0     1                 
    1108     1108        0     1                 
    110c     110c        0     1                 
    110c     110c        0     1                 
    1110     1110        0     1                 
    1112     1112        0     1                 
    1116     1116        0     1                 
    1118     1118        0     1                 
    111c     111c        0     1                 .LBB0_3
    111c     111c        0     1                 
    1124     1124        0     1                 .LBB0_4
    1124     1124        0     1                 
    1128     1128        0     1                 .LBB0_5
    1128     1128        0     1                 
    1130     1130        0     1                 
    1134     1134        0     1                 
    1138     1138        0     1                 .LBB0_7
    1138     1138        0     1                 
    1140     1140        0     1                 .LBB0_8
    1140     1140        0     1                 
    1140     1140        0     1                 
    1144     1144        0     1                 
    1144     1144        0     1                 
    114a     114a        0     1                 
    114c     114c        0     1                 
    1154     1154        0     1                 
    1158     1158        0     1                 
    115c     115c        0     1                 .LBB0_10
    115c     115c        0     1                 
    1160     1160        0     1                 .LBB0_11
    1160     1160        0     1                 
    1168     1168        0     1                 
    116c     116c        0     1                 
    1170     1170        0     1                 
    1172     1172        0     1                 
    1174     1174        0     1                 
    1176     1176        0     1                 
    117a     117a        0     1                 .LBB0_14
    117a     117a        0     1                 
    1180     1180        0     1                 
    1182     1182        0     1                 
    118a     118a        0     1                 
    1190     1190        0     1                 
    1190     1190        0     1                 
    1194     1194        0     1                 
    1198     1198        0     1                 
    119c     119c        0     1                 
    11a0     11a0        0     1                 
    11aa     11aa        0     1                 .LBB0_16
    11aa     11aa        0     1                 
    11aa     11aa        0     1                 
    11b0     11b0        0     1                 
    11bc     11bc        0     1                 
    11c4     11c4        0     1                 
    11c4     11c4        0     1                 
    11c8     11c8        0     1                 
    11ce     11ce        0     1                 
    11ce     11ce        0     1                 
    11d6     11d6        0     1                 
    11da     11da        0     1                 
    11da     11da        0     1                 
    11de     11de        0     1                 
    11de     11de        0     1                 
    11e2     11e2        0     1                 
    11e4     11e4        0     1                 
    11e8     11e8        0     1                 
    11ea     11ea        0     1                 
    11ee     11ee        0     1                 .LBB0_19
    11ee     11ee        0     1                 
    11f6     11f6        0     1                 .LBB0_20
    11f6     11f6        0     1                 
    11fa     11fa        0     1                 .LBB0_21
    11fa     11fa        0     1                 
    1202     1202        0     1                 
    1206     1206        0     1                 
    120a     120a        0     1                 .LBB0_23
    120a     120a        0     1                 
    1212     1212        0     1                 .LBB0_24
    1212     1212        0     1                 
    1212     1212        0     1                 
    1214     1214        0     1                 
    1216     1216        0     1                 
    1220     1220        0     1                 
    1224     1224        0     1                 
    1224     1224        0     1                 
    122c     122c        0     1                 
    1230     1230        0     1                 
    1230     1230        0     1                 
    1230     1230       32     2         ./src/smc_gen/r_bsp/mcu/r9a02g021/mcu_clocks.o:(.text.get_iclk_freq_hz)
    1230     1230        0     1                 
    1230     1230        0     1                 
    1230     1230        0     1                 
    1230     1230       32     1                 get_iclk_freq_hz
    1234     1234        0     1                 
    123a     123a        0     1                 
    123a     123a        0     1                 
    124e     124e        0     1                 .LBB1_2
    124e     124e        0     1                 
    124e     124e        0     1                 
    1256     1256        0     1                 .LBB1_3
    1256     1256        0     1                 
    1256     1256        0     1                 
    125c     125c        0     1                 
    1260     1260        0     1                 
    1262     1262        0     1                 
    1262     1262        0     1                 
    1262     1262       3c     2         ./src/smc_gen/r_bsp/mcu/r9a02g021/mcu_clocks.o:(.text.set_operating_mode_oppcr)
    1262     1262        0     1                 
    1262     1262        0     1                 
    1262     1262        0     1                 
    1262     1262       3c     1                 set_operating_mode_oppcr
    1266     1266        0     1                 
    126a     126a        0     1                 
    126e     126e        0     1                 
    1272     1272        0     1                 
    1274     1274        0     1                 
    1278     1278        0     1                 .LBB2_3
    1278     1278        0     1                 
    1280     1280        0     1                 .LBB2_4
    1280     1280        0     1                 
    1284     1284        0     1                 .LBB2_5
    1284     1284        0     1                 
    128c     128c        0     1                 
    1290     1290        0     1                 
    1294     1294        0     1                 
    1294     1294        0     1                 .LBB2_7
    1294     1294        0     1                 
    129c     129c        0     1                 .LBB2_8
    129c     129c        0     1                 
    129e     129e        0     1                 
    129e     129e        0     1                 
    129e     129e       66     2         ./src/smc_gen/r_bsp/mcu/r9a02g021/mcu_clocks.o:(.text.set_operating_mode)
    129e     129e        0     1                 
    129e     129e        0     1                 
    129e     129e        0     1                 
    129e     129e       66     1                 set_operating_mode
    12a0     12a0        0     1                 
    12a4     12a4        0     1                 
    12a8     12a8        0     1                 
    12a8     12a8        0     1                 .LBB3_2
    12a8     12a8        0     1                 
    12b0     12b0        0     1                 
    12b6     12b6        0     1                 
    12ba     12ba        0     1                 .LBB3_4
    12ba     12ba        0     1                 
    12c4     12c4        0     1                 .LBB3_5
    12c4     12c4        0     1                 
    12c4     12c4        0     1                 
    12c8     12c8        0     1                 
    12cc     12cc        0     1                 
    12cc     12cc        0     1                 
    12d0     12d0        0     1                 
    12d4     12d4        0     1                 
    12d8     12d8        0     1                 
    12da     12da        0     1                 
    12de     12de        0     1                 .LBB3_8
    12de     12de        0     1                 
    12e6     12e6        0     1                 .LBB3_9
    12e6     12e6        0     1                 
    12ea     12ea        0     1                 .LBB3_10
    12ea     12ea        0     1                 
    12f2     12f2        0     1                 
    12f6     12f6        0     1                 
    12fa     12fa        0     1                 
    12fa     12fa        0     1                 .LBB3_12
    12fa     12fa        0     1                 
    1302     1302        0     1                 .LBB3_13
    1302     1302        0     1                 
    1302     1302        0     1                 
    1304     1304        0     1                 
    1304     1304        0     1                 
    1304     1304        6     2         ./src/smc_gen/r_bsp/mcu/all/r_bsp_common.o:(.text.R_BSP_GetVersion)
    1304     1304        0     1                 
    1304     1304        0     1                 
    1304     1304        0     1                 
    1304     1304        6     1                 R_BSP_GetVersion
    1308     1308        0     1                 
    130a     130a        0     1                 
    130a     130a        2     2         ./src/smc_gen/r_bsp/mcu/all/r_bsp_common.o:(.text.R_BSP_GetIClkFreqHz)
    130a     130a        0     1                 
    130a     130a        0     1                 
    130a     130a        0     1                 
    130a     130a        2     1                 R_BSP_GetIClkFreqHz
    130c     130c        0     1                 
    130c     130c        0     1                 
    130c     130c        0     1                 
    130c     130c        2     2         ./src/smc_gen/r_bsp/mcu/all/r_bsp_common.o:(.text.R_BSP_DelayCycle)
    130c     130c        0     1                 
    130c     130c        0     1                 
    130c     130c        0     1                 
    130c     130c        2     1                 R_BSP_DelayCycle
    130e     130e        0     1                 
    130e     130e        0     1                 
    130e     130e        0     1                 
    130e     130e      11c     2         ./src/smc_gen/r_bsp/mcu/all/r_bsp_common.o:(.text.R_BSP_SoftwareDelay)
    130e     130e        0     1                 
    130e     130e        0     1                 
    130e     130e        0     1                 
    130e     130e      11c     1                 R_BSP_SoftwareDelay
    131a     131a        0     1                 
    131a     131a        0     1                 
    131c     131c        0     1                 
    131c     131c        0     1                 
    1324     1324        0     1                 
    1324     1324        0     1                 
    1326     1326        0     1                 
    132a     132a        0     1                 
    132c     132c        0     1                 
    1330     1330        0     1                 
    1332     1332        0     1                 .LBB3_2
    1332     1332        0     1                 
    1334     1334        0     1                 
    133c     133c        0     1                 
    1344     1344        0     1                 
    1348     1348        0     1                 
    134c     134c        0     1                 
    1356     1356        0     1                 
    1358     1358        0     1                 
    136e     136e        0     1                 .LBB3_4
    136e     136e        0     1                 
    1372     1372        0     1                 .LBB3_5
    1372     1372        0     1                 
    1376     1376        0     1                 
    1390     1390        0     1                 
    13b8     13b8        0     1                 
    13bc     13bc        0     1                 
    13c2     13c2        0     1                 
    13c4     13c4        0     1                 
    13c8     13c8        0     1                 
    13ca     13ca        0     1                 
    13cc     13cc        0     1                 
    13d0     13d0        0     1                 
    13d4     13d4        0     1                 .LBB3_8
    13d4     13d4        0     1                 
    13d4     13d4        0     1                 
    13d6     13d6        0     1                 
    13e2     13e2        0     1                 
    13e8     13e8        0     1                 
    13ea     13ea        0     1                 
    13f0     13f0        0     1                 
    13f4     13f4        0     1                 
    13fe     13fe        0     1                 .LBB3_10
    13fe     13fe        0     1                 
    1400     1400        0     1                 .LBB3_11
    1400     1400        0     1                 
    140a     140a        0     1                 
    1410     1410        0     1                 
    1412     1412        0     1                 
    1414     1414        0     1                 
    1416     1416        0     1                 .LBB3_12
    1416     1416        0     1                 
    1416     1416        0     1                 
    1418     1418        0     1                 
    141a     141a        0     1                 
    141a     141a        0     1                 
    141e     141e        0     1                 .LBB3_13
    141e     141e        0     1                 
    1420     1420        0     1                 .LBB3_14
    1420     1420        0     1                 
    1420     1420        0     1                 
    1424     1424        0     1                 
    1426     1426        0     1                 
    142a     142a        0     1                 
    142a     142a        0     1                 
    142a     142a       b4     2         ./src/smc_gen/r_bsp/mcu/all/r_bsp_common.o:(.text.R_BSP_RegisterProtectEnable)
    142a     142a        0     1                 
    142a     142a        0     1                 
    142a     142a        0     1                 
    142a     142a       b4     1                 R_BSP_RegisterProtectEnable
    143a     143a        0     1                 
    143c     143c        0     1                 
    1446     1446        0     1                 .LBB4_2
    1446     1446        0     1                 
    144a     144a        0     1                 
    144c     144c        0     1                 
    144e     144e        0     1                 .LBB4_4
    144e     144e        0     1                 
    1450     1450        0     1                 
    1454     1454        0     1                 
    1456     1456        0     1                 
    145a     145a        0     1                 
    145c     145c        0     1                 
    1460     1460        0     1                 
    1464     1464        0     1                 
    1468     1468        0     1                 
    146c     146c        0     1                 
    146e     146e        0     1                 .LBB4_8
    146e     146e        0     1                 
    146e     146e        0     1                 
    1470     1470        0     1                 
    1474     1474        0     1                 
    1476     1476        0     1                 
    147a     147a        0     1                 
    147e     147e        0     1                 
    147e     147e        0     1                 
    148a     148a        0     1                 
    1496     1496        0     1                 
    1498     1498        0     1                 .LBB4_11
    1498     1498        0     1                 
    1498     1498        0     1                 
    149c     149c        0     1                 
    14a0     14a0        0     1                 
    14a4     14a4        0     1                 
    14a6     14a6        0     1                 .LBB4_12
    14a6     14a6        0     1                 
    14a6     14a6        0     1                 
    14aa     14aa        0     1                 
    14ae     14ae        0     1                 
    14b2     14b2        0     1                 
    14b4     14b4        0     1                 .LBB4_13
    14b4     14b4        0     1                 
    14b4     14b4        0     1                 
    14b8     14b8        0     1                 
    14bc     14bc        0     1                 
    14c8     14c8        0     1                 
    14d2     14d2        0     1                 
    14d4     14d4        0     1                 
    14d8     14d8        0     1                 
    14dc     14dc        0     1                 
    14de     14de        0     1                 
    14de     14de        0     1                 
    14de     14de       ac     2         ./src/smc_gen/r_bsp/mcu/all/r_bsp_common.o:(.text.R_BSP_RegisterProtectDisable)
    14de     14de        0     1                 
    14de     14de        0     1                 
    14de     14de        0     1                 
    14de     14de       ac     1                 R_BSP_RegisterProtectDisable
    14ee     14ee        0     1                 
    14f0     14f0        0     1                 
    14f0     14f0        0     1                 .LBB5_1
    14f0     14f0        0     1                 
    14fa     14fa        0     1                 
    14fc     14fc        0     1                 .LBB5_2
    14fc     14fc        0     1                 
    14fc     14fc        0     1                 
    14fe     14fe        0     1                 
    1502     1502        0     1                 
    1504     1504        0     1                 
    1508     1508        0     1                 
    150a     150a        0     1                 
    150e     150e        0     1                 
    1512     1512        0     1                 
    1516     1516        0     1                 
    151c     151c        0     1                 .LBB5_6
    151c     151c        0     1                 
    151c     151c        0     1                 
    151e     151e        0     1                 
    1522     1522        0     1                 
    1524     1524        0     1                 
    1528     1528        0     1                 
    152c     152c        0     1                 
    152c     152c        0     1                 
    1538     1538        0     1                 
    1546     1546        0     1                 .LBB5_9
    1546     1546        0     1                 
    1546     1546        0     1                 
    154a     154a        0     1                 
    154e     154e        0     1                 
    1554     1554        0     1                 .LBB5_10
    1554     1554        0     1                 
    1554     1554        0     1                 
    1558     1558        0     1                 
    155c     155c        0     1                 
    1562     1562        0     1                 .LBB5_11
    1562     1562        0     1                 
    1562     1562        0     1                 
    1566     1566        0     1                 
    156a     156a        0     1                 
    1576     1576        0     1                 
    1580     1580        0     1                 
    1584     1584        0     1                 
    158a     158a        0     1                 
    158a     158a        0     1                 
    158a     158a       16     2         ./src/smc_gen/r_bsp/mcu/all/r_bsp_common.o:(.text.bsp_register_protect_open)
    158a     158a        0     1                 
    158a     158a        0     1                 
    158a     158a        0     1                 
    158a     158a       16     1                 bsp_register_protect_open
    1594     1594        0     1                 
    1594     1594        0     1                 .LBB6_1
    1594     1594        0     1                 
    1598     1598        0     1                 
    1598     1598        0     1                 
    159a     159a        0     1                 
    159c     159c        0     1                 
    159e     159e        0     1                 
    15a0     15a0        0     1                 
    15a0     15a0        0     1                 
    15a0     15a0       40     2         ./src/smc_gen/r_bsp/mcu/all/r_bsp_machine_timer.o:(.text.machine_timer_create)
    15a0     15a0        0     1                 
    15a0     15a0        0     1                 
    15a0     15a0        0     1                 
    15a0     15a0       40     1                 machine_timer_create
    15a4     15a4        0     1                 
    15b0     15b0        0     1                 
    15be     15be        0     1                 
    15c6     15c6        0     1                 
    15ca     15ca        0     1                 
    15d6     15d6        0     1                 
    15da     15da        0     1                 
    15de     15de        0     1                 
    15e0     15e0        0     1                 
    15e0     15e0       50     2         ./src/smc_gen/r_bsp/mcu/all/r_bsp_machine_timer.o:(.text.machine_timer_start)
    15e0     15e0        0     1                 
    15e0     15e0        0     1                 
    15e0     15e0        0     1                 
    15e0     15e0       50     1                 machine_timer_start
    15e2     15e2        0     1                 
    15f6     15f6        0     1                 
    15f6     15f6        0     1                 
    15f8     15f8        0     1                 
    15f8     15f8        0     1                 
    1600     1600        0     1                 
    1600     1600        0     1                 
    1602     1602        0     1                 
    1604     1604        0     1                 
    160a     160a        0     1                 
    160c     160c        0     1                 
    160c     160c        0     1                 
    1610     1610        0     1                 
    1610     1610        0     1                 
    161c     161c        0     1                 
    1628     1628        0     1                 
    162c     162c        0     1                 
    1630     1630        0     1                 
    1630     1630        0     1                 
    1630     1630        8     2         ./src/smc_gen/r_bsp/mcu/all/r_bsp_machine_timer.o:(.text.get_interval_value)
    1630     1630        0     1                 
    1630     1630        0     1                 
    1630     1630        0     1                 
    1630     1630        8     1                 get_interval_value
    1638     1638        0     1                 
    1638     1638       24     2         ./src/smc_gen/r_bsp/mcu/all/r_bsp_machine_timer.o:(.text.machine_timer_refresh)
    1638     1638        0     1                 
    1638     1638        0     1                 
    1638     1638        0     1                 
    1638     1638       24     1                 machine_timer_refresh
    163a     163a        0     1                 
    163e     163e        0     1                 
    163e     163e        0     1                 
    164a     164a        0     1                 
    164a     164a        0     1                 
    164c     164c        0     1                 
    164e     164e        0     1                 
    1654     1654        0     1                 
    1656     1656        0     1                 
    165c     165c        0     1                 
    165c     165c        0     1                 
    165c     165c        0     1                 
    165c     165c       1e     2         ./src/smc_gen/r_bsp/mcu/all/r_bsp_machine_timer.o:(.text.machine_timer_stop)
    165c     165c        0     1                 
    165c     165c        0     1                 
    165c     165c        0     1                 
    165c     165c       1e     1                 machine_timer_stop
    1660     1660        0     1                 
    1670     1670        0     1                 
    1676     1676        0     1                 
    167a     167a        0     1                 
    167a     167a        0     1                 
    167a     167a        0     1                 
    167a     167a       2c     2         ./src/smc_gen/r_bsp/mcu/all/r_bsp_machine_timer.o:(.text.trigger_software_interrupt)
    167a     167a        0     1                 
    167a     167a        0     1                 
    167a     167a        0     1                 
    167a     167a       2c     1                 trigger_software_interrupt
    167e     167e        0     1                 
    168c     168c        0     1                 
    1698     1698        0     1                 
    16a4     16a4        0     1                 
    16a6     16a6        0     1                 
    16a6     16a6       20     2         ./src/smc_gen/r_bsp/mcu/all/r_bsp_machine_timer.o:(.text.clear_software_interrupt)
    16a6     16a6        0     1                 
    16a6     16a6        0     1                 
    16a6     16a6        0     1                 
    16a6     16a6       20     1                 clear_software_interrupt
    16aa     16aa        0     1                 
    16ba     16ba        0     1                 
    16c4     16c4        0     1                 
    16c6     16c6        0     1                 
    16c6     16c6       12     2         ./src/smc_gen/r_bsp/board/generic_r9a02g021/hdwinit.o:(.text.hdwinit)
    16c6     16c6        0     1                 
    16c6     16c6        0     1                 
    16c6     16c6        0     1                 
    16c6     16c6       12     1                 hdwinit
    16c8     16c8        0     1                 
    16cc     16cc        0     1                 
    16cc     16cc        0     1                 
    16ce     16ce        0     1                 
    16ce     16ce        0     1                 
    16d0     16d0        0     1                 
    16d2     16d2        0     1                 
    16d2     16d2        0     1                 
    16d4     16d4        0     1                 
    16d8     16d8        0     1                 
    16d8     16d8        0     1                 
    16d8     16d8        0     1                 
    16d8     16d8       1c     2         ./src/smc_gen/r_bsp/board/generic_r9a02g021/r_bsp_init.o:(.text.bsp_init_system)
    16d8     16d8        0     1                 
    16d8     16d8        0     1                 
    16d8     16d8        0     1                 
    16d8     16d8       1c     1                 bsp_init_system
    16da     16da        0     1                 
    16de     16de        0     1                 
    16de     16de        0     1                 
    16e2     16e2        0     1                 
    16ee     16ee        0     1                 
    16f0     16f0        0     1                 
    16f4     16f4        0     1                 
    16f4     16f4        0     1                 
    16f4     16f4        2     2         ./src/smc_gen/r_bsp/board/generic_r9a02g021/r_bsp_init.o:(.text.bsp_init_hardware)
    16f4     16f4        0     1                 
    16f4     16f4        0     1                 
    16f4     16f4        0     1                 
    16f4     16f4        2     1                 bsp_init_hardware
    16f6     16f6        0     1                 
    16f6     16f6        0     1                 
    16f6     16f6        0     1                 
    16f6     16f6        e     2         ./src/smc_gen/general/r_cg_ad_common.o:(.text.R_ADC_Cancel_ModuleStop)
    16f6     16f6        0     1                 
    16f6     16f6        0     1                 
    16f6     16f6        0     1                 
    16f6     16f6        e     1                 R_ADC_Cancel_ModuleStop
    16fa     16fa        0     1                 
    1702     1702        0     1                 
    1704     1704        0     1                 
    1704     1704        e     2         ./src/smc_gen/general/r_cg_ad_common.o:(.text.R_ADC_Enter_ModuleStop)
    1704     1704        0     1                 
    1704     1704        0     1                 
    1704     1704        0     1                 
    1704     1704        e     1                 R_ADC_Enter_ModuleStop
    1708     1708        0     1                 
    1710     1710        0     1                 
    1712     1712        0     1                 
    1712     1712        4     2         ./src/smc_gen/general/r_cg_inthandler.o:(.text.INT_ACLINT_MSIP)
    1712     1712        0     1                 
    1712     1712        0     1                 
    1712     1712        0     1                 
    1712     1712        4     1                 INT_ACLINT_MSIP
    1716     1716        0     1                 
    1716     1716        0     1                 
    1716     1716        4     2         ./src/smc_gen/general/r_cg_inthandler.o:(.text.INT_ACLINT_MTIP)
    1716     1716        0     1                 
    1716     1716        0     1                 
    1716     1716        0     1                 
    1716     1716        4     1                 INT_ACLINT_MTIP
    171a     171a        0     1                 
    171a     171a        0     1                 
    171a     171a        4     2         ./src/smc_gen/general/r_cg_inthandler.o:(.text.INT_IELSR0)
    171a     171a        0     1                 
    171a     171a        0     1                 
    171a     171a        0     1                 
    171a     171a        4     1                 INT_IELSR0
    171e     171e        0     1                 
    171e     171e        0     1                 
    171e     171e        4     2         ./src/smc_gen/general/r_cg_inthandler.o:(.text.INT_IELSR1)
    171e     171e        0     1                 
    171e     171e        0     1                 
    171e     171e        0     1                 
    171e     171e        4     1                 INT_IELSR1
    1722     1722        0     1                 
    1722     1722        0     1                 
    1722     1722        4     2         ./src/smc_gen/general/r_cg_inthandler.o:(.text.INT_IELSR2)
    1722     1722        0     1                 
    1722     1722        0     1                 
    1722     1722        0     1                 
    1722     1722        4     1                 INT_IELSR2
    1726     1726        0     1                 
    1726     1726        0     1                 
    1726     1726        4     2         ./src/smc_gen/general/r_cg_inthandler.o:(.text.INT_IELSR3)
    1726     1726        0     1                 
    1726     1726        0     1                 
    1726     1726        0     1                 
    1726     1726        4     1                 INT_IELSR3
    172a     172a        0     1                 
    172a     172a        0     1                 
    172a     172a        4     2         ./src/smc_gen/general/r_cg_inthandler.o:(.text.INT_IELSR4)
    172a     172a        0     1                 
    172a     172a        0     1                 
    172a     172a        0     1                 
    172a     172a        4     1                 INT_IELSR4
    172e     172e        0     1                 
    172e     172e        0     1                 
    172e     172e        4     2         ./src/smc_gen/general/r_cg_inthandler.o:(.text.INT_IELSR5)
    172e     172e        0     1                 
    172e     172e        0     1                 
    172e     172e        0     1                 
    172e     172e        4     1                 INT_IELSR5
    1732     1732        0     1                 
    1732     1732        0     1                 
    1732     1732        4     2         ./src/smc_gen/general/r_cg_inthandler.o:(.text.INT_IELSR6)
    1732     1732        0     1                 
    1732     1732        0     1                 
    1732     1732        0     1                 
    1732     1732        4     1                 INT_IELSR6
    1736     1736        0     1                 
    1736     1736        0     1                 
    1736     1736        4     2         ./src/smc_gen/general/r_cg_inthandler.o:(.text.INT_IELSR7)
    1736     1736        0     1                 
    1736     1736        0     1                 
    1736     1736        0     1                 
    1736     1736        4     1                 INT_IELSR7
    173a     173a        0     1                 
    173a     173a        0     1                 
    173a     173a        4     2         ./src/smc_gen/general/r_cg_inthandler.o:(.text.INT_IELSR8)
    173a     173a        0     1                 
    173a     173a        0     1                 
    173a     173a        0     1                 
    173a     173a        4     1                 INT_IELSR8
    173e     173e        0     1                 
    173e     173e        0     1                 
    173e     173e        4     2         ./src/smc_gen/general/r_cg_inthandler.o:(.text.INT_IELSR9)
    173e     173e        0     1                 
    173e     173e        0     1                 
    173e     173e        0     1                 
    173e     173e        4     1                 INT_IELSR9
    1742     1742        0     1                 
    1742     1742        0     1                 
    1742     1742        4     2         ./src/smc_gen/general/r_cg_inthandler.o:(.text.INT_IELSR10)
    1742     1742        0     1                 
    1742     1742        0     1                 
    1742     1742        0     1                 
    1742     1742        4     1                 INT_IELSR10
    1746     1746        0     1                 
    1746     1746        0     1                 
    1746     1746        4     2         ./src/smc_gen/general/r_cg_inthandler.o:(.text.INT_IELSR11)
    1746     1746        0     1                 
    1746     1746        0     1                 
    1746     1746        0     1                 
    1746     1746        4     1                 INT_IELSR11
    174a     174a        0     1                 
    174a     174a        0     1                 
    174a     174a        4     2         ./src/smc_gen/general/r_cg_inthandler.o:(.text.INT_IELSR12)
    174a     174a        0     1                 
    174a     174a        0     1                 
    174a     174a        0     1                 
    174a     174a        4     1                 INT_IELSR12
    174e     174e        0     1                 
    174e     174e        0     1                 
    174e     174e        4     2         ./src/smc_gen/general/r_cg_inthandler.o:(.text.INT_IELSR13)
    174e     174e        0     1                 
    174e     174e        0     1                 
    174e     174e        0     1                 
    174e     174e        4     1                 INT_IELSR13
    1752     1752        0     1                 
    1752     1752        0     1                 
    1752     1752        4     2         ./src/smc_gen/general/r_cg_inthandler.o:(.text.INT_IELSR14)
    1752     1752        0     1                 
    1752     1752        0     1                 
    1752     1752        0     1                 
    1752     1752        4     1                 INT_IELSR14
    1756     1756        0     1                 
    1756     1756        0     1                 
    1756     1756        4     2         ./src/smc_gen/general/r_cg_inthandler.o:(.text.INT_IELSR15)
    1756     1756        0     1                 
    1756     1756        0     1                 
    1756     1756        0     1                 
    1756     1756        4     1                 INT_IELSR15
    175a     175a        0     1                 
    175a     175a        0     1                 
    175a     175a        4     2         ./src/smc_gen/general/r_cg_inthandler.o:(.text.INT_IELSR16)
    175a     175a        0     1                 
    175a     175a        0     1                 
    175a     175a        0     1                 
    175a     175a        4     1                 INT_IELSR16
    175e     175e        0     1                 
    175e     175e        0     1                 
    175e     175e        4     2         ./src/smc_gen/general/r_cg_inthandler.o:(.text.INT_IELSR17)
    175e     175e        0     1                 
    175e     175e        0     1                 
    175e     175e        0     1                 
    175e     175e        4     1                 INT_IELSR17
    1762     1762        0     1                 
    1762     1762        0     1                 
    1762     1762        4     2         ./src/smc_gen/general/r_cg_inthandler.o:(.text.INT_IELSR18)
    1762     1762        0     1                 
    1762     1762        0     1                 
    1762     1762        0     1                 
    1762     1762        4     1                 INT_IELSR18
    1766     1766        0     1                 
    1766     1766        0     1                 
    1766     1766        4     2         ./src/smc_gen/general/r_cg_inthandler.o:(.text.INT_IELSR19)
    1766     1766        0     1                 
    1766     1766        0     1                 
    1766     1766        0     1                 
    1766     1766        4     1                 INT_IELSR19
    176a     176a        0     1                 
    176a     176a        0     1                 
    176a     176a        4     2         ./src/smc_gen/general/r_cg_inthandler.o:(.text.INT_IELSR20)
    176a     176a        0     1                 
    176a     176a        0     1                 
    176a     176a        0     1                 
    176a     176a        4     1                 INT_IELSR20
    176e     176e        0     1                 
    176e     176e        0     1                 
    176e     176e        4     2         ./src/smc_gen/general/r_cg_inthandler.o:(.text.INT_IELSR21)
    176e     176e        0     1                 
    176e     176e        0     1                 
    176e     176e        0     1                 
    176e     176e        4     1                 INT_IELSR21
    1772     1772        0     1                 
    1772     1772        0     1                 
    1772     1772        4     2         ./src/smc_gen/general/r_cg_inthandler.o:(.text.INT_IELSR22)
    1772     1772        0     1                 
    1772     1772        0     1                 
    1772     1772        0     1                 
    1772     1772        4     1                 INT_IELSR22
    1776     1776        0     1                 
    1776     1776        0     1                 
    1776     1776        4     2         ./src/smc_gen/general/r_cg_inthandler.o:(.text.INT_IELSR23)
    1776     1776        0     1                 
    1776     1776        0     1                 
    1776     1776        0     1                 
    1776     1776        4     1                 INT_IELSR23
    177a     177a        0     1                 
    177a     177a        0     1                 
    177a     177a        4     2         ./src/smc_gen/general/r_cg_inthandler.o:(.text.INT_IELSR24)
    177a     177a        0     1                 
    177a     177a        0     1                 
    177a     177a        0     1                 
    177a     177a        4     1                 INT_IELSR24
    177e     177e        0     1                 
    177e     177e        0     1                 
    177e     177e        4     2         ./src/smc_gen/general/r_cg_inthandler.o:(.text.INT_IELSR25)
    177e     177e        0     1                 
    177e     177e        0     1                 
    177e     177e        0     1                 
    177e     177e        4     1                 INT_IELSR25
    1782     1782        0     1                 
    1782     1782        0     1                 
    1782     1782        4     2         ./src/smc_gen/general/r_cg_inthandler.o:(.text.INT_IELSR26)
    1782     1782        0     1                 
    1782     1782        0     1                 
    1782     1782        0     1                 
    1782     1782        4     1                 INT_IELSR26
    1786     1786        0     1                 
    1786     1786        0     1                 
    1786     1786        4     2         ./src/smc_gen/general/r_cg_inthandler.o:(.text.INT_IELSR27)
    1786     1786        0     1                 
    1786     1786        0     1                 
    1786     1786        0     1                 
    1786     1786        4     1                 INT_IELSR27
    178a     178a        0     1                 
    178a     178a        0     1                 
    178a     178a        4     2         ./src/smc_gen/general/r_cg_inthandler.o:(.text.INT_IELSR28)
    178a     178a        0     1                 
    178a     178a        0     1                 
    178a     178a        0     1                 
    178a     178a        4     1                 INT_IELSR28
    178e     178e        0     1                 
    178e     178e        0     1                 
    178e     178e        4     2         ./src/smc_gen/general/r_cg_inthandler.o:(.text.INT_IELSR29)
    178e     178e        0     1                 
    178e     178e        0     1                 
    178e     178e        0     1                 
    178e     178e        4     1                 INT_IELSR29
    1792     1792        0     1                 
    1792     1792        0     1                 
    1792     1792        4     2         ./src/smc_gen/general/r_cg_inthandler.o:(.text.INT_IELSR30)
    1792     1792        0     1                 
    1792     1792        0     1                 
    1792     1792        0     1                 
    1792     1792        4     1                 INT_IELSR30
    1796     1796        0     1                 
    1796     1796        0     1                 
    1796     1796        4     2         ./src/smc_gen/general/r_cg_inthandler.o:(.text.INT_IELSR31)
    1796     1796        0     1                 
    1796     1796        0     1                 
    1796     1796        0     1                 
    1796     1796        4     1                 INT_IELSR31
    179a     179a        0     1                 
    179a     179a        0     1                 
    179a     179a        4     2         ./src/smc_gen/general/r_cg_inthandler.o:(.text.INT_DUMMY)
    179a     179a        0     1                 
    179a     179a        0     1                 
    179a     179a        0     1                 
    179a     179a        4     1                 INT_DUMMY
    179e     179e        0     1                 
    179e     179e        0     1                 
    179e     179e       1e     2         ./src/smc_gen/general/r_cg_systeminit.o:(.text.R_Systeminit)
    179e     179e        0     1                 
    179e     179e        0     1                 
    179e     179e        0     1                 
    179e     179e       1e     1                 R_Systeminit
    17a0     17a0        0     1                 
    17a4     17a4        0     1                 
    17a8     17a8        0     1                 
    17ac     17ac        0     1                 
    17ac     17ac        0     1                 
    17ae     17ae        0     1                 
    17ae     17ae        0     1                 
    17b0     17b0        0     1                 
    17b0     17b0        0     1                 
    17b2     17b2        0     1                 
    17b2     17b2        0     1                 
    17b4     17b4        0     1                 
    17b4     17b4        0     1                 
    17b8     17b8        0     1                 
    17bc     17bc        0     1                 
    17bc     17bc        0     1                 
    17bc     17bc        0     1                 
    17bc     17bc        2     2         ./src/smc_gen/general/r_cg_vect_table.o:(.text.nvect_function)
    17bc     17bc        2     1                 nvect_function
    17bc     17bc        0     1                 
    17bc     17bc        0     1                 
    17bc     17bc        0     1                 
    17be     17be        0     1                 
    17be     17be       22     2         ./src/smc_gen/general/r_cg_vect_table.o:(.text.initialize_vect)
    17be     17be        0     1                 
    17be     17be        0     1                 
    17be     17be        0     1                 
    17be     17be       22     1                 initialize_vect
    17ce     17ce        0     1                 
    17d2     17d2        0     1                 
    17d6     17d6        0     1                 
    17da     17da        0     1                 
    17de     17de        0     1                 
    17e0     17e0        0     1                 
    17e0     17e0        0     1                 
    17e0     17e0        2     2         ./src/smc_gen/general/r_cg_vect_table.o:(.text.nmi_handler)
    17e0     17e0        2     1                 nmi_handler
    17e0     17e0        0     1                 
    17e0     17e0        0     1                 
    17e0     17e0        0     1                 
    17e2     17e2        0     1                 
    17e2     17e2        2     2         ./src/smc_gen/general/r_smc_cgc.o:(.text.R_CGC_Create)
    17e2     17e2        0     1                 
    17e2     17e2        0     1                 
    17e2     17e2        0     1                 
    17e2     17e2        2     1                 R_CGC_Create
    17e4     17e4        0     1                 
    17e4     17e4        0     1                 
    17e4     17e4        0     1                 
    17e4     17e4        2     2         ./src/smc_gen/general/r_smc_cgc_user.o:(.text.R_CGC_Create_UserInit)
    17e4     17e4        0     1                 
    17e4     17e4        0     1                 
    17e4     17e4        0     1                 
    17e4     17e4        2     1                 R_CGC_Create_UserInit
    17e6     17e6        0     1                 
    17e6     17e6        2     2         ./src/smc_gen/general/r_smc_interrupt.o:(.text.R_Interrupt_Create)
    17e6     17e6        0     1                 
    17e6     17e6        0     1                 
    17e6     17e6        0     1                 
    17e6     17e6        2     1                 R_Interrupt_Create
    17e8     17e8        0     1                 
    17e8     17e8       4a     2         ./src/smc_gen/Config_PORT/Config_PORT.o:(.text.R_Config_PORT_Create)
    17e8     17e8        0     1                 
    17e8     17e8        0     1                 
    17e8     17e8        0     1                 
    17e8     17e8       4a     1                 R_Config_PORT_Create
    17ee     17ee        0     1                 
    17f2     17f2        0     1                 
    17f6     17f6        0     1                 
    17fa     17fa        0     1                 
    17fe     17fe        0     1                 
    1802     1802        0     1                 
    1806     1806        0     1                 
    180a     180a        0     1                 
    180e     180e        0     1                 
    1812     1812        0     1                 
    1816     1816        0     1                 
    181a     181a        0     1                 
    1820     1820        0     1                 
    1828     1828        0     1                 
    182c     182c        0     1                 
    1830     1830        0     1                 
    1832     1832        0     1                 
    1832     1832        0     1                 
    1832     1832        0     1                 
    1832     1832      28c     2         ./src/smc_gen/Config_PORT/Config_PORT.o:(.text.R_Config_PORT_Set_Output_Level)
    1832     1832        0     1                 
    1832     1832        0     1                 
    1832     1832        0     1                 
    1832     1832      28c     1                 R_Config_PORT_Set_Output_Level
    1834     1834        0     1                 
    183c     183c        0     1                 
    183e     183e        0     1                 
    1840     1840        0     1                 
    1844     1844        0     1                 
    1844     1844        0     1                 .LBB1_2
    1844     1844        0     1                 
    1848     1848        0     1                 
    184a     184a        0     1                 
    184a     184a        0     1                 
    184c     184c        0     1                 
    184e     184e        0     1                 
    1852     1852        0     1                 
    1852     1852        0     1                 
    1854     1854        0     1                 
    1858     1858        0     1                 
    1858     1858        0     1                 
    1862     1862        0     1                 
    1866     1866        0     1                 
    186a     186a        0     1                 
    186a     186a        0     1                 
    1870     1870        0     1                 
    187a     187a        0     1                 
    1886     1886        0     1                 
    1894     1894        0     1                 .LBB1_5
    1894     1894        0     1                 
    1894     1894        0     1                 
    1896     1896        0     1                 .LBB1_6
    1896     1896        0     1                 
    1896     1896        0     1                 
    1898     1898        0     1                 
    1898     1898        0     1                 
    189c     189c        0     1                 
    189c     189c        0     1                 
    18a0     18a0        0     1                 
    18a2     18a2        0     1                 
    18a6     18a6        0     1                 
    18a8     18a8        0     1                 
    18ae     18ae        0     1                 
    18b0     18b0        0     1                 
    18b4     18b4        0     1                 
    18b8     18b8        0     1                 
    18b8     18b8        0     1                 
    18c4     18c4        0     1                 
    18cc     18cc        0     1                 
    18d0     18d0        0     1                 
    18d0     18d0        0     1                 
    18d2     18d2        0     1                 .LBB1_12
    18d2     18d2        0     1                 
    18d2     18d2        0     1                 
    18d8     18d8        0     1                 
    18da     18da        0     1                 
    18de     18de        0     1                 
    18e2     18e2        0     1                 
    18e2     18e2        0     1                 
    18ee     18ee        0     1                 
    18f6     18f6        0     1                 
    18fa     18fa        0     1                 
    18fa     18fa        0     1                 
    18fc     18fc        0     1                 .LBB1_16
    18fc     18fc        0     1                 
    18fc     18fc        0     1                 
    18fe     18fe        0     1                 
    18fe     18fe        0     1                 
    1904     1904        0     1                 
    1906     1906        0     1                 
    190a     190a        0     1                 
    190e     190e        0     1                 
    190e     190e        0     1                 
    191a     191a        0     1                 
    1924     1924        0     1                 
    1928     1928        0     1                 
    1928     1928        0     1                 
    192a     192a        0     1                 .LBB1_20
    192a     192a        0     1                 
    192a     192a        0     1                 
    192c     192c        0     1                 
    192c     192c        0     1                 
    1930     1930        0     1                 
    1932     1932        0     1                 
    1936     1936        0     1                 
    193a     193a        0     1                 
    193a     193a        0     1                 
    1946     1946        0     1                 
    194e     194e        0     1                 
    1952     1952        0     1                 
    1952     1952        0     1                 
    1954     1954        0     1                 .LBB1_23
    1954     1954        0     1                 
    1954     1954        0     1                 
    1956     1956        0     1                 
    1956     1956        0     1                 
    195a     195a        0     1                 
    195c     195c        0     1                 
    1960     1960        0     1                 
    1964     1964        0     1                 
    1964     1964        0     1                 
    1970     1970        0     1                 
    1978     1978        0     1                 
    197c     197c        0     1                 
    197c     197c        0     1                 
    197e     197e        0     1                 .LBB1_26
    197e     197e        0     1                 
    197e     197e        0     1                 
    1980     1980        0     1                 
    1980     1980        0     1                 
    1984     1984        0     1                 
    1986     1986        0     1                 
[...]
                                                  C:\ProgramData\LLVM for Renesas RISC-V 17.0.2.202407\bin\..\lib\clang-runtimes\riscv32-unknown-elf/rv32imaczba_zbb_zbs/ilp32\lib\libc.a(libc_a-exit.o)
__atexit                                          C:\ProgramData\LLVM for Renesas RISC-V 17.0.2.202407\bin\..\lib\clang-runtimes\riscv32-unknown-elf/rv32imaczba_zbb_zbs/ilp32\lib\libc.a(libc_a-__call_atexit.o)
__sfp                                             C:\ProgramData\LLVM for Renesas RISC-V 17.0.2.202407\bin\..\lib\clang-runtimes\riscv32-unknown-elf/rv32imaczba_zbb_zbs/ilp32\lib\libc.a(libc_a-findfp.o)
__sglue                                           C:\ProgramData\LLVM for Renesas RISC-V 17.0.2.202407\bin\..\lib\clang-runtimes\riscv32-unknown-elf/rv32imaczba_zbb_zbs/ilp32\lib\libc.a(libc_a-findfp.o)
                                                  C:\ProgramData\LLVM for Renesas RISC-V 17.0.2.202407\bin\..\lib\clang-runtimes\riscv32-unknown-elf/rv32imaczba_zbb_zbs/ilp32\lib\libc.a(libc_a-fflush.o)
_malloc_r                                         C:\ProgramData\LLVM for Renesas RISC-V 17.0.2.202407\bin\..\lib\clang-runtimes\riscv32-unknown-elf/rv32imaczba_zbb_zbs/ilp32\lib\libc.a(libc_a-mallocr.o)
                                                  C:\ProgramData\LLVM for Renesas RISC-V 17.0.2.202407\bin\..\lib\clang-runtimes\riscv32-unknown-elf/rv32imaczba_zbb_zbs/ilp32\lib\libc.a(libc_a-findfp.o)
__sfp_lock_acquire                                C:\ProgramData\LLVM for Renesas RISC-V 17.0.2.202407\bin\..\lib\clang-runtimes\riscv32-unknown-elf/rv32imaczba_zbb_zbs/ilp32\lib\libc.a(libc_a-findfp.o)
                                                  C:\ProgramData\LLVM for Renesas RISC-V 17.0.2.202407\bin\..\lib\clang-runtimes\riscv32-unknown-elf/rv32imaczba_zbb_zbs/ilp32\lib\libc.a(libc_a-fclose.o)
__sf                                              C:\ProgramData\LLVM for Renesas RISC-V 17.0.2.202407\bin\..\lib\clang-runtimes\riscv32-unknown-elf/rv32imaczba_zbb_zbs/ilp32\lib\libc.a(libc_a-findfp.o)
                                                  C:\ProgramData\LLVM for Renesas RISC-V 17.0.2.202407\bin\..\lib\clang-runtimes\riscv32-unknown-elf/rv32imaczba_zbb_zbs/ilp32\lib\libc.a(libc_a-impure.o)
__sread                                           C:\ProgramData\LLVM for Renesas RISC-V 17.0.2.202407\bin\..\lib\clang-runtimes\riscv32-unknown-elf/rv32imaczba_zbb_zbs/ilp32\lib\libc.a(libc_a-stdio.o)
                                                  C:\ProgramData\LLVM for Renesas RISC-V 17.0.2.202407\bin\..\lib\clang-runtimes\riscv32-unknown-elf/rv32imaczba_zbb_zbs/ilp32\lib\libc.a(libc_a-findfp.o)
__swrite                                          C:\ProgramData\LLVM for Renesas RISC-V 17.0.2.202407\bin\..\lib\clang-runtimes\riscv32-unknown-elf/rv32imaczba_zbb_zbs/ilp32\lib\libc.a(libc_a-stdio.o)
                                                  C:\ProgramData\LLVM for Renesas RISC-V 17.0.2.202407\bin\..\lib\clang-runtimes\riscv32-unknown-elf/rv32imaczba_zbb_zbs/ilp32\lib\libc.a(libc_a-findfp.o)
__sseek                                           C:\ProgramData\LLVM for Renesas RISC-V 17.0.2.202407\bin\..\lib\clang-runtimes\riscv32-unknown-elf/rv32imaczba_zbb_zbs/ilp32\lib\libc.a(libc_a-stdio.o)
                                                  C:\ProgramData\LLVM for Renesas RISC-V 17.0.2.202407\bin\..\lib\clang-runtimes\riscv32-unknown-elf/rv32imaczba_zbb_zbs/ilp32\lib\libc.a(libc_a-findfp.o)
__sclose                                          C:\ProgramData\LLVM for Renesas RISC-V 17.0.2.202407\bin\..\lib\clang-runtimes\riscv32-unknown-elf/rv32imaczba_zbb_zbs/ilp32\lib\libc.a(libc_a-stdio.o)
                                                  C:\ProgramData\LLVM for Renesas RISC-V 17.0.2.202407\bin\..\lib\clang-runtimes\riscv32-unknown-elf/rv32imaczba_zbb_zbs/ilp32\lib\libc.a(libc_a-findfp.o)
__sfp_lock_release                                C:\ProgramData\LLVM for Renesas RISC-V 17.0.2.202407\bin\..\lib\clang-runtimes\riscv32-unknown-elf/rv32imaczba_zbb_zbs/ilp32\lib\libc.a(libc_a-findfp.o)
                                                  C:\ProgramData\LLVM for Renesas RISC-V 17.0.2.202407\bin\..\lib\clang-runtimes\riscv32-unknown-elf/rv32imaczba_zbb_zbs/ilp32\lib\libc.a(libc_a-fclose.o)
__sinit                                           C:\ProgramData\LLVM for Renesas RISC-V 17.0.2.202407\bin\..\lib\clang-runtimes\riscv32-unknown-elf/rv32imaczba_zbb_zbs/ilp32\lib\libc.a(libc_a-findfp.o)
                                                  C:\ProgramData\LLVM for Renesas RISC-V 17.0.2.202407\bin\..\lib\clang-runtimes\riscv32-unknown-elf/rv32imaczba_zbb_zbs/ilp32\lib\libc.a(libc_a-fclose.o)
                                                  C:\ProgramData\LLVM for Renesas RISC-V 17.0.2.202407\bin\..\lib\clang-runtimes\riscv32-unknown-elf/rv32imaczba_zbb_zbs/ilp32\lib\libc.a(libc_a-fflush.o)
_fclose_r                                         C:\ProgramData\LLVM for Renesas RISC-V 17.0.2.202407\bin\..\lib\clang-runtimes\riscv32-unknown-elf/rv32imaczba_zbb_zbs/ilp32\lib\libc.a(libc_a-fclose.o)
                                                  C:\ProgramData\LLVM for Renesas RISC-V 17.0.2.202407\bin\..\lib\clang-runtimes\riscv32-unknown-elf/rv32imaczba_zbb_zbs/ilp32\lib\libc.a(libc_a-findfp.o)
__fp_lock_all                                     C:\ProgramData\LLVM for Renesas RISC-V 17.0.2.202407\bin\..\lib\clang-runtimes\riscv32-unknown-elf/rv32imaczba_zbb_zbs/ilp32\lib\libc.a(libc_a-findfp.o)
_fwalk_sglue                                      C:\ProgramData\LLVM for Renesas RISC-V 17.0.2.202407\bin\..\lib\clang-runtimes\riscv32-unknown-elf/rv32imaczba_zbb_zbs/ilp32\lib\libc.a(libc_a-fwalk.o)
                                                  C:\ProgramData\LLVM for Renesas RISC-V 17.0.2.202407\bin\..\lib\clang-runtimes\riscv32-unknown-elf/rv32imaczba_zbb_zbs/ilp32\lib\libc.a(libc_a-findfp.o)
                                                  C:\ProgramData\LLVM for Renesas RISC-V 17.0.2.202407\bin\..\lib\clang-runtimes\riscv32-unknown-elf/rv32imaczba_zbb_zbs/ilp32\lib\libc.a(libc_a-fflush.o)
__fp_unlock_all                                   C:\ProgramData\LLVM for Renesas RISC-V 17.0.2.202407\bin\..\lib\clang-runtimes\riscv32-unknown-elf/rv32imaczba_zbb_zbs/ilp32\lib\libc.a(libc_a-findfp.o)
_impure_data                                      C:\ProgramData\LLVM for Renesas RISC-V 17.0.2.202407\bin\..\lib\clang-runtimes\riscv32-unknown-elf/rv32imaczba_zbb_zbs/ilp32\lib\libc.a(libc_a-impure.o)
                                                  C:\ProgramData\LLVM for Renesas RISC-V 17.0.2.202407\bin\..\lib\clang-runtimes\riscv32-unknown-elf/rv32imaczba_zbb_zbs/ilp32\lib\libc.a(libc_a-findfp.o)
                                                  C:\ProgramData\LLVM for Renesas RISC-V 17.0.2.202407\bin\..\lib\clang-runtimes\riscv32-unknown-elf/rv32imaczba_zbb_zbs/ilp32\lib\libc.a(libc_a-fflush.o)
__malloc_lock                                     C:\ProgramData\LLVM for Renesas RISC-V 17.0.2.202407\bin\..\lib\clang-runtimes\riscv32-unknown-elf/rv32imaczba_zbb_zbs/ilp32\lib\libc.a(libc_a-mlock.o)
                                                  C:\ProgramData\LLVM for Renesas RISC-V 17.0.2.202407\bin\..\lib\clang-runtimes\riscv32-unknown-elf/rv32imaczba_zbb_zbs/ilp32\lib\libc.a(libc_a-mallocr.o)
                                                  C:\ProgramData\LLVM for Renesas RISC-V 17.0.2.202407\bin\..\lib\clang-runtimes\riscv32-unknown-elf/rv32imaczba_zbb_zbs/ilp32\lib\libc.a(libc_a-freer.o)
__malloc_av_                                      C:\ProgramData\LLVM for Renesas RISC-V 17.0.2.202407\bin\..\lib\clang-runtimes\riscv32-unknown-elf/rv32imaczba_zbb_zbs/ilp32\lib\libc.a(libc_a-mallocr.o)
                                                  C:\ProgramData\LLVM for Renesas RISC-V 17.0.2.202407\bin\..\lib\clang-runtimes\riscv32-unknown-elf/rv32imaczba_zbb_zbs/ilp32\lib\libc.a(libc_a-freer.o)
__malloc_unlock                                   C:\ProgramData\LLVM for Renesas RISC-V 17.0.2.202407\bin\..\lib\clang-runtimes\riscv32-unknown-elf/rv32imaczba_zbb_zbs/ilp32\lib\libc.a(libc_a-mlock.o)
                                                  C:\ProgramData\LLVM for Renesas RISC-V 17.0.2.202407\bin\..\lib\clang-runtimes\riscv32-unknown-elf/rv32imaczba_zbb_zbs/ilp32\lib\libc.a(libc_a-mallocr.o)
                                                  C:\ProgramData\LLVM for Renesas RISC-V 17.0.2.202407\bin\..\lib\clang-runtimes\riscv32-unknown-elf/rv32imaczba_zbb_zbs/ilp32\lib\libc.a(libc_a-freer.o)
__malloc_top_pad                                  C:\ProgramData\LLVM for Renesas RISC-V 17.0.2.202407\bin\..\lib\clang-runtimes\riscv32-unknown-elf/rv32imaczba_zbb_zbs/ilp32\lib\libc.a(libc_a-mallocr.o)
                                                  C:\ProgramData\LLVM for Renesas RISC-V 17.0.2.202407\bin\..\lib\clang-runtimes\riscv32-unknown-elf/rv32imaczba_zbb_zbs/ilp32\lib\libc.a(libc_a-freer.o)
__malloc_sbrk_base                                C:\ProgramData\LLVM for Renesas RISC-V 17.0.2.202407\bin\..\lib\clang-runtimes\riscv32-unknown-elf/rv32imaczba_zbb_zbs/ilp32\lib\libc.a(libc_a-mallocr.o)
                                                  C:\ProgramData\LLVM for Renesas RISC-V 17.0.2.202407\bin\..\lib\clang-runtimes\riscv32-unknown-elf/rv32imaczba_zbb_zbs/ilp32\lib\libc.a(libc_a-freer.o)
_sbrk_r                                           C:\ProgramData\LLVM for Renesas RISC-V 17.0.2.202407\bin\..\lib\clang-runtimes\riscv32-unknown-elf/rv32imaczba_zbb_zbs/ilp32\lib\libc.a(libc_a-sbrkr.o)
                                                  C:\ProgramData\LLVM for Renesas RISC-V 17.0.2.202407\bin\..\lib\clang-runtimes\riscv32-unknown-elf/rv32imaczba_zbb_zbs/ilp32\lib\libc.a(libc_a-mallocr.o)
                                                  C:\ProgramData\LLVM for Renesas RISC-V 17.0.2.202407\bin\..\lib\clang-runtimes\riscv32-unknown-elf/rv32imaczba_zbb_zbs/ilp32\lib\libc.a(libc_a-freer.o)
__malloc_current_mallinfo                         C:\ProgramData\LLVM for Renesas RISC-V 17.0.2.202407\bin\..\lib\clang-runtimes\riscv32-unknown-elf/rv32imaczba_zbb_zbs/ilp32\lib\libc.a(libc_a-mallocr.o)
                                                  C:\ProgramData\LLVM for Renesas RISC-V 17.0.2.202407\bin\..\lib\clang-runtimes\riscv32-unknown-elf/rv32imaczba_zbb_zbs/ilp32\lib\libc.a(libc_a-freer.o)
_free_r                                           C:\ProgramData\LLVM for Renesas RISC-V 17.0.2.202407\bin\..\lib\clang-runtimes\riscv32-unknown-elf/rv32imaczba_zbb_zbs/ilp32\lib\libc.a(libc_a-freer.o)
                                                  C:\ProgramData\LLVM for Renesas RISC-V 17.0.2.202407\bin\..\lib\clang-runtimes\riscv32-unknown-elf/rv32imaczba_zbb_zbs/ilp32\lib\libc.a(libc_a-mallocr.o)
                                                  C:\ProgramData\LLVM for Renesas RISC-V 17.0.2.202407\bin\..\lib\clang-runtimes\riscv32-unknown-elf/rv32imaczba_zbb_zbs/ilp32\lib\libc.a(libc_a-fclose.o)
                                                  C:\ProgramData\LLVM for Renesas RISC-V 17.0.2.202407\bin\..\lib\clang-runtimes\riscv32-unknown-elf/rv32imaczba_zbb_zbs/ilp32\lib\libc.a(libc_a-fflush.o)
__malloc_max_sbrked_mem                           C:\ProgramData\LLVM for Renesas RISC-V 17.0.2.202407\bin\..\lib\clang-runtimes\riscv32-unknown-elf/rv32imaczba_zbb_zbs/ilp32\lib\libc.a(libc_a-mallocr.o)
__malloc_max_total_mem                            C:\ProgramData\LLVM for Renesas RISC-V 17.0.2.202407\bin\..\lib\clang-runtimes\riscv32-unknown-elf/rv32imaczba_zbb_zbs/ilp32\lib\libc.a(libc_a-mallocr.o)
__malloc_trim_threshold                           C:\ProgramData\LLVM for Renesas RISC-V 17.0.2.202407\bin\..\lib\clang-runtimes\riscv32-unknown-elf/rv32imaczba_zbb_zbs/ilp32\lib\libc.a(libc_a-mallocr.o)
                                                  C:\ProgramData\LLVM for Renesas RISC-V 17.0.2.202407\bin\..\lib\clang-runtimes\riscv32-unknown-elf/rv32imaczba_zbb_zbs/ilp32\lib\libc.a(libc_a-freer.o)
errno                                             C:\ProgramData\LLVM for Renesas RISC-V 17.0.2.202407\bin\..\lib\clang-runtimes\riscv32-unknown-elf/rv32imaczba_zbb_zbs/ilp32\lib\libnosys.a(errno.o)
                                                  C:\ProgramData\LLVM for Renesas RISC-V 17.0.2.202407\bin\..\lib\clang-runtimes\riscv32-unknown-elf/rv32imaczba_zbb_zbs/ilp32\lib\libc.a(libc_a-sbrkr.o)
                                                  C:\ProgramData\LLVM for Renesas RISC-V 17.0.2.202407\bin\..\lib\clang-runtimes\riscv32-unknown-elf/rv32imaczba_zbb_zbs/ilp32\lib\libc.a(libc_a-readr.o)
                                                  C:\ProgramData\LLVM for Renesas RISC-V 17.0.2.202407\bin\..\lib\clang-runtimes\riscv32-unknown-elf/rv32imaczba_zbb_zbs/ilp32\lib\libnosys.a(read.o)
                                                  C:\ProgramData\LLVM for Renesas RISC-V 17.0.2.202407\bin\..\lib\clang-runtimes\riscv32-unknown-elf/rv32imaczba_zbb_zbs/ilp32\lib\libc.a(libc_a-writer.o)
                                                  C:\ProgramData\LLVM for Renesas RISC-V 17.0.2.202407\bin\..\lib\clang-runtimes\riscv32-unknown-elf/rv32imaczba_zbb_zbs/ilp32\lib\libnosys.a(write.o)
                                                  C:\ProgramData\LLVM for Renesas RISC-V 17.0.2.202407\bin\..\lib\clang-runtimes\riscv32-unknown-elf/rv32imaczba_zbb_zbs/ilp32\lib\libc.a(libc_a-closer.o)
                                                  C:\ProgramData\LLVM for Renesas RISC-V 17.0.2.202407\bin\..\lib\clang-runtimes\riscv32-unknown-elf/rv32imaczba_zbb_zbs/ilp32\lib\libnosys.a(close.o)
                                                  C:\ProgramData\LLVM for Renesas RISC-V 17.0.2.202407\bin\..\lib\clang-runtimes\riscv32-unknown-elf/rv32imaczba_zbb_zbs/ilp32\lib\libc.a(libc_a-lseekr.o)
                                                  C:\ProgramData\LLVM for Renesas RISC-V 17.0.2.202407\bin\..\lib\clang-runtimes\riscv32-unknown-elf/rv32imaczba_zbb_zbs/ilp32\lib\libnosys.a(lseek.o)
_sbrk                                             C:\ProgramData\LLVM for Renesas RISC-V 17.0.2.202407\bin\..\lib\clang-runtimes\riscv32-unknown-elf/rv32imaczba_zbb_zbs/ilp32\lib\libnosys.a(sbrk.o)
                                                  C:\ProgramData\LLVM for Renesas RISC-V 17.0.2.202407\bin\..\lib\clang-runtimes\riscv32-unknown-elf/rv32imaczba_zbb_zbs/ilp32\lib\libc.a(libc_a-sbrkr.o)
end                                               <internal>
                                                  C:\ProgramData\LLVM for Renesas RISC-V 17.0.2.202407\bin\..\lib\clang-runtimes\riscv32-unknown-elf/rv32imaczba_zbb_zbs/ilp32\lib\libnosys.a(sbrk.o)
_malloc_trim_r                                    C:\ProgramData\LLVM for Renesas RISC-V 17.0.2.202407\bin\..\lib\clang-runtimes\riscv32-unknown-elf/rv32imaczba_zbb_zbs/ilp32\lib\libc.a(libc_a-freer.o)
_read_r                                           C:\ProgramData\LLVM for Renesas RISC-V 17.0.2.202407\bin\..\lib\clang-runtimes\riscv32-unknown-elf/rv32imaczba_zbb_zbs/ilp32\lib\libc.a(libc_a-readr.o)
                                                  C:\ProgramData\LLVM for Renesas RISC-V 17.0.2.202407\bin\..\lib\clang-runtimes\riscv32-unknown-elf/rv32imaczba_zbb_zbs/ilp32\lib\libc.a(libc_a-stdio.o)
__seofread                                        C:\ProgramData\LLVM for Renesas RISC-V 17.0.2.202407\bin\..\lib\clang-runtimes\riscv32-unknown-elf/rv32imaczba_zbb_zbs/ilp32\lib\libc.a(libc_a-stdio.o)
_lseek_r                                          C:\ProgramData\LLVM for Renesas RISC-V 17.0.2.202407\bin\..\lib\clang-runtimes\riscv32-unknown-elf/rv32imaczba_zbb_zbs/ilp32\lib\libc.a(libc_a-lseekr.o)
                                                  C:\ProgramData\LLVM for Renesas RISC-V 17.0.2.202407\bin\..\lib\clang-runtimes\riscv32-unknown-elf/rv32imaczba_zbb_zbs/ilp32\lib\libc.a(libc_a-stdio.o)
_write_r                                          C:\ProgramData\LLVM for Renesas RISC-V 17.0.2.202407\bin\..\lib\clang-runtimes\riscv32-unknown-elf/rv32imaczba_zbb_zbs/ilp32\lib\libc.a(libc_a-writer.o)
                                                  C:\ProgramData\LLVM for Renesas RISC-V 17.0.2.202407\bin\..\lib\clang-runtimes\riscv32-unknown-elf/rv32imaczba_zbb_zbs/ilp32\lib\libc.a(libc_a-stdio.o)
_close_r                                          C:\ProgramData\LLVM for Renesas RISC-V 17.0.2.202407\bin\..\lib\clang-runtimes\riscv32-unknown-elf/rv32imaczba_zbb_zbs/ilp32\lib\libc.a(libc_a-closer.o)
                                                  C:\ProgramData\LLVM for Renesas RISC-V 17.0.2.202407\bin\..\lib\clang-runtimes\riscv32-unknown-elf/rv32imaczba_zbb_zbs/ilp32\lib\libc.a(libc_a-stdio.o)
_read                                             C:\ProgramData\LLVM for Renesas RISC-V 17.0.2.202407\bin\..\lib\clang-runtimes\riscv32-unknown-elf/rv32imaczba_zbb_zbs/ilp32\lib\libnosys.a(read.o)
                                                  C:\ProgramData\LLVM for Renesas RISC-V 17.0.2.202407\bin\..\lib\clang-runtimes\riscv32-unknown-elf/rv32imaczba_zbb_zbs/ilp32\lib\libc.a(libc_a-readr.o)
_write                                            C:\ProgramData\LLVM for Renesas RISC-V 17.0.2.202407\bin\..\lib\clang-runtimes\riscv32-unknown-elf/rv32imaczba_zbb_zbs/ilp32\lib\libnosys.a(write.o)
                                                  C:\ProgramData\LLVM for Renesas RISC-V 17.0.2.202407\bin\..\lib\clang-runtimes\riscv32-unknown-elf/rv32imaczba_zbb_zbs/ilp32\lib\libc.a(libc_a-writer.o)
_close                                            C:\ProgramData\LLVM for Renesas RISC-V 17.0.2.202407\bin\..\lib\clang-runtimes\riscv32-unknown-elf/rv32imaczba_zbb_zbs/ilp32\lib\libnosys.a(close.o)
                                                  C:\ProgramData\LLVM for Renesas RISC-V 17.0.2.202407\bin\..\lib\clang-runtimes\riscv32-unknown-elf/rv32imaczba_zbb_zbs/ilp32\lib\libc.a(libc_a-closer.o)
__sflush_r                                        C:\ProgramData\LLVM for Renesas RISC-V 17.0.2.202407\bin\..\lib\clang-runtimes\riscv32-unknown-elf/rv32imaczba_zbb_zbs/ilp32\lib\libc.a(libc_a-fflush.o)
                                                  C:\ProgramData\LLVM for Renesas RISC-V 17.0.2.202407\bin\..\lib\clang-runtimes\riscv32-unknown-elf/rv32imaczba_zbb_zbs/ilp32\lib\libc.a(libc_a-fclose.o)
fclose                                            C:\ProgramData\LLVM for Renesas RISC-V 17.0.2.202407\bin\..\lib\clang-runtimes\riscv32-unknown-elf/rv32imaczba_zbb_zbs/ilp32\lib\libc.a(libc_a-fclose.o)
_impure_ptr                                       C:\ProgramData\LLVM for Renesas RISC-V 17.0.2.202407\bin\..\lib\clang-runtimes\riscv32-unknown-elf/rv32imaczba_zbb_zbs/ilp32\lib\libc.a(libc_a-impure.o)
                                                  C:\ProgramData\LLVM for Renesas RISC-V 17.0.2.202407\bin\..\lib\clang-runtimes\riscv32-unknown-elf/rv32imaczba_zbb_zbs/ilp32\lib\libc.a(libc_a-fclose.o)
                                                  C:\ProgramData\LLVM for Renesas RISC-V 17.0.2.202407\bin\..\lib\clang-runtimes\riscv32-unknown-elf/rv32imaczba_zbb_zbs/ilp32\lib\libc.a(libc_a-fflush.o)
_fflush_r                                         C:\ProgramData\LLVM for Renesas RISC-V 17.0.2.202407\bin\..\lib\clang-runtimes\riscv32-unknown-elf/rv32imaczba_zbb_zbs/ilp32\lib\libc.a(libc_a-fflush.o)
fflush                                            C:\ProgramData\LLVM for Renesas RISC-V 17.0.2.202407\bin\..\lib\clang-runtimes\riscv32-unknown-elf/rv32imaczba_zbb_zbs/ilp32\lib\libc.a(libc_a-fflush.o)
_lseek                                            C:\ProgramData\LLVM for Renesas RISC-V 17.0.2.202407\bin\..\lib\clang-runtimes\riscv32-unknown-elf/rv32imaczba_zbb_zbs/ilp32\lib\libnosys.a(lseek.o)
                                                  C:\ProgramData\LLVM for Renesas RISC-V 17.0.2.202407\bin\..\lib\clang-runtimes\riscv32-unknown-elf/rv32imaczba_zbb_zbs/ilp32\lib\libc.a(libc_a-lseekr.o)
