     VMA      LMA     Size Align Out     In      Symbol
       0        0        0     1 __mdata = .
       0        0        0     1 .text
       0        0        0     1 .rodata
       0        0        0     1         . = ALIGN ( 4 )
       0        0        0     1         __rodata = .
       0        0        0     1         . = ALIGN ( 4 )
       0        0        0     1         . = ALIGN ( 4 )
       0        0        0     1         __erodata = .
20004000 20004000        0     1 .data
20004000 20004000        0     1         . = ALIGN ( 4 )
20004000 20004000        0     1         __data = .
20004000 20004000        0     1         . = ALIGN ( 4 )
20004000 20004000        0     1         __edata = .
20004000 20004000        0     1 PROVIDE ( __romdatacopysize = SIZEOF ( .data ) )
20000000 20000000        0     1 .data_eccram
20000000 20000000        0     1         . = ALIGN ( 4 )
20000000 20000000        0     1         __data_eccram = .
20000000 20000000        0     1         . = ALIGN ( 4 )
20000000 20000000        0     1         __edata_eccram = .
20000000 20000000        0     1 PROVIDE ( __romdataeccramcopysize = SIZEOF ( .data_eccram ) )
20004000 20004000        0     1 .bss
20004000 20004000        0     1         . = ALIGN ( 4 )
20004000 20004000        0     1         __bss = .
20004000 20004000        0     1         . = ALIGN ( 4 )
20004000 20004000        0     1         . = ALIGN ( 4 )
20004000 20004000        0     1         . = ALIGN ( 4 )
20004000 20004000        0     1         __ebss = .
20004000 20004000        0     1         end = .
20000000 20000000        0     1 .bss_eccram
20000000 20000000        0     1         . = ALIGN ( 4 )
20000000 20000000        0     1         __bss_eccram = .
20000000 20000000        0     1         . = ALIGN ( 4 )
20000000 20000000        0     1         __ebss_eccram = .
20000000 20000000        0     1 PROVIDE ( __stack_size = 0x200 )
20006ffc 20006ffc        0     1 .stack
20006ffc 20006ffc        0     1         PROVIDE ( __stack = . )
20006ffc 20006ffc        0     1         
       0        0       13     1 .comment
       0        0       13     1         <internal>:(.comment)
       0        0      110     4 .symtab
       0        0      110     4         <internal>:(.symtab)
       0        0       5d     1 .shstrtab
       0        0       5d     1         <internal>:(.shstrtab)
       0        0       b3     1 .strtab
       0        0       b3     1         <internal>:(.strtab)

Cross Reference Table

Symbol                                            File
